[
  [
    "CompleteCommand_CList",
    [
      "CList_AndOr",
      [
        "AndOr_Pipeline",
        [
          "Pipeline_PipeSequence",
          [
            "PipeSequence_Command",
            [
              "Command_SimpleCommand",
              [
                "SimpleCommand_CmdPrefix",
                [
                  "CmdPrefix_AssignmentWord",
                  [ [ "Name", "x" ], [ "Word", "1", [] ] ]
                ]
              ]
            ]
          ]
        ]
      ]
    ]
  ],
  [
    "CompleteCommand_CList",
    [
      "CList_AndOr",
      [
        "AndOr_Pipeline",
        [
          "Pipeline_PipeSequence",
          [
            "PipeSequence_Command",
            [
              "Command_SimpleCommand",
              [
                "SimpleCommand_CmdPrefix_CmdWord_CmdSuffix",
                [
                  "CmdPrefix_CmdPrefix_AssignmentWord",
                  [
                    "CmdPrefix_AssignmentWord",
                    [ [ "Name", "x" ], [ "Word", "2", [] ] ]
                  ],
                  [
                    [ "Name", "y" ],
                    [ "Word", "${z:=3}", [ [ "WordLiteral", "${z:=3}" ] ] ]
                  ]
                ],
                [ "CmdWord_Word", [ "Word", "/bin/echo", [] ] ],
                [
                  "CmdSuffix_CmdSuffix_Word",
                  [ "CmdSuffix_Word", [ "Word", "1", [] ] ],
                  [ "Word", "$z", [ [ "WordLiteral", "$z" ] ] ]
                ]
              ]
            ]
          ]
        ]
      ]
    ]
  ],
  [
    "CompleteCommand_CList",
    [
      "CList_AndOr",
      [
        "AndOr_Pipeline",
        [
          "Pipeline_PipeSequence",
          [
            "PipeSequence_Command",
            [
              "Command_SimpleCommand",
              [
                "SimpleCommand_CmdName_CmdSuffix",
                [
                  "CmdName_Word",
                  [ "Word", "echo", [ [ "WordName", "echo" ] ] ]
                ],
                [ "CmdSuffix_Word", [ "Word", "1", [] ] ]
              ]
            ]
          ]
        ]
      ]
    ]
  ],
  [
    "CompleteCommand_CList",
    [
      "CList_AndOr",
      [
        "AndOr_Pipeline",
        [
          "Pipeline_PipeSequence",
          [
            "PipeSequence_Command",
            [
              "Command_SimpleCommand",
              [
                "SimpleCommand_CmdName_CmdSuffix",
                [
                  "CmdName_Word",
                  [ "Word", "echo", [ [ "WordName", "echo" ] ] ]
                ],
                [
                  "CmdSuffix_Word",
                  [ "Word", "$z", [ [ "WordLiteral", "$z" ] ] ]
                ]
              ]
            ]
          ]
        ]
      ]
    ]
  ]
]